// Jest Snapshot v1, https://goo.gl/fbAQLP

exports[`should render AddExpensPage correctly 1`] = `
<div>
  <h1>
    Add Expesne
  </h1>
  <ExpenseForm
    onSubmit={[Function]}
  />
</div>
`;
