// Jest Snapshot v1, https://goo.gl/fbAQLP

exports[`should render NotFoundPage correctly 1`] = `
<div
  className="container"
>
  <p>
    Page not found
  </p>
  <h1>
    404
  </h1>
  <Link
    to="/"
  >
    Back to home
  </Link>
</div>
`;
